[SideMenuItem(id=-1, title=All, count=, isSelected=true), SideMenuItem(id=1, title=Feed #1, count=, isSelected=false), SideMenuItem(id=2, title=Feed #2, count=32, isSelected=false)]